// Jest Snapshot v1, https://goo.gl/fbAQLP

exports[`OrdersChart should render the OrdersChart 1`] = `
<div>
  <div>
    loading
  </div>
</div>
`;
